// Jest Snapshot v1, https://goo.gl/fbAQLP

exports[`components | Container render should match snapshot 1`] = `
<div
  className="jsx-1157840685"
  style={
    Object {
      "maxWidth": 1200,
    }
  }
>
  &lt;p&gt;Some html&lt;/p&gt;
</div>
`;
